2026-08-21 01:41:35,980 task 1/2 architecture=tcn seed=42 condition=original
2026-08-21 01:41:39,095 task 2/2 architecture=tcn seed=42 condition=conditional_XMV_01
2026-08-21 01:41:59,742 skip completed tcn seed=42 condition=original
2026-08-21 01:41:59,742 skip completed tcn seed=42 condition=conditional_XMV_01
2026-08-21 01:41:59,742 task 3/230 architecture=tcn seed=42 condition=conditional_XMV_02
2026-08-21 01:42:03,246 task 4/230 architecture=tcn seed=42 condition=conditional_XMV_03
2026-08-21 01:42:06,295 task 5/230 architecture=tcn seed=42 condition=conditional_XMV_04
2026-08-21 01:42:09,493 task 6/230 architecture=tcn seed=42 condition=conditional_XMV_05
2026-08-21 01:42:12,895 task 7/230 architecture=tcn seed=42 condition=conditional_XMV_06
2026-08-21 01:42:16,382 task 8/230 architecture=tcn seed=42 condition=conditional_XMV_07
2026-08-21 01:42:20,223 task 9/230 architecture=tcn seed=42 condition=conditional_XMV_08
2026-08-21 01:42:24,270 task 10/230 architecture=tcn seed=42 condition=conditional_XMV_09
2026-08-21 01:42:28,408 task 11/230 architecture=tcn seed=42 condition=conditional_XMV_10
2026-08-21 01:42:33,005 task 12/230 architecture=tcn seed=42 condition=conditional_XMV_11
2026-08-21 01:42:37,219 task 13/230 architecture=tcn seed=42 condition=zero_XMV_01
2026-08-21 01:42:40,733 task 14/230 architecture=tcn seed=42 condition=zero_XMV_02
2026-08-21 01:42:44,509 task 15/230 architecture=tcn seed=42 condition=zero_XMV_03
2026-08-21 01:42:47,431 task 16/230 architecture=tcn seed=42 condition=zero_XMV_04
2026-08-21 01:42:50,196 task 17/230 architecture=tcn seed=42 condition=zero_XMV_05
2026-08-21 01:42:52,531 task 18/230 architecture=tcn seed=42 condition=zero_XMV_06
2026-08-21 01:42:55,388 task 19/230 architecture=tcn seed=42 condition=zero_XMV_07
2026-08-21 01:42:58,227 task 20/230 architecture=tcn seed=42 condition=zero_XMV_08
2026-08-21 01:43:00,991 task 21/230 architecture=tcn seed=42 condition=zero_XMV_09
2026-08-21 01:43:04,230 task 22/230 architecture=tcn seed=42 condition=zero_XMV_10
2026-08-21 01:43:06,901 task 23/230 architecture=tcn seed=42 condition=zero_XMV_11
2026-08-21 01:43:10,261 task 24/230 architecture=tcn seed=43 condition=original
2026-08-21 01:43:13,182 task 25/230 architecture=tcn seed=43 condition=conditional_XMV_01
2026-08-21 01:43:16,063 task 26/230 architecture=tcn seed=43 condition=conditional_XMV_02
2026-08-21 01:43:19,415 task 27/230 architecture=tcn seed=43 condition=conditional_XMV_03
2026-08-21 01:43:22,674 task 28/230 architecture=tcn seed=43 condition=conditional_XMV_04
2026-08-21 01:43:25,495 task 29/230 architecture=tcn seed=43 condition=conditional_XMV_05
2026-08-21 01:43:28,834 task 30/230 architecture=tcn seed=43 condition=conditional_XMV_06
2026-08-21 01:43:32,244 task 31/230 architecture=tcn seed=43 condition=conditional_XMV_07
2026-08-21 01:43:35,339 task 32/230 architecture=tcn seed=43 condition=conditional_XMV_08
2026-08-21 01:43:38,268 task 33/230 architecture=tcn seed=43 condition=conditional_XMV_09
2026-08-21 01:43:41,594 task 34/230 architecture=tcn seed=43 condition=conditional_XMV_10
2026-08-21 01:43:44,995 task 35/230 architecture=tcn seed=43 condition=conditional_XMV_11
2026-08-21 01:43:47,683 task 36/230 architecture=tcn seed=43 condition=zero_XMV_01
2026-08-21 01:43:50,450 task 37/230 architecture=tcn seed=43 condition=zero_XMV_02
2026-08-21 01:43:53,236 task 38/230 architecture=tcn seed=43 condition=zero_XMV_03
2026-08-21 01:43:55,769 task 39/230 architecture=tcn seed=43 condition=zero_XMV_04
2026-08-21 01:43:58,914 task 40/230 architecture=tcn seed=43 condition=zero_XMV_05
2026-08-21 01:44:01,465 task 41/230 architecture=tcn seed=43 condition=zero_XMV_06
2026-08-21 01:44:04,150 task 42/230 architecture=tcn seed=43 condition=zero_XMV_07
2026-08-21 01:44:06,429 task 43/230 architecture=tcn seed=43 condition=zero_XMV_08
2026-08-21 01:44:09,293 task 44/230 architecture=tcn seed=43 condition=zero_XMV_09
2026-08-21 01:44:11,581 task 45/230 architecture=tcn seed=43 condition=zero_XMV_10
2026-08-21 01:44:14,285 task 46/230 architecture=tcn seed=43 condition=zero_XMV_11
2026-08-21 01:44:16,610 task 47/230 architecture=tcn seed=44 condition=original
2026-08-21 01:44:19,575 task 48/230 architecture=tcn seed=44 condition=conditional_XMV_01
2026-08-21 01:44:22,487 task 49/230 architecture=tcn seed=44 condition=conditional_XMV_02
2026-08-21 01:44:25,774 task 50/230 architecture=tcn seed=44 condition=conditional_XMV_03
2026-08-21 01:44:29,158 task 51/230 architecture=tcn seed=44 condition=conditional_XMV_04
2026-08-21 01:44:31,727 task 52/230 architecture=tcn seed=44 condition=conditional_XMV_05
2026-08-21 01:44:34,675 task 53/230 architecture=tcn seed=44 condition=conditional_XMV_06
2026-08-21 01:44:37,528 task 54/230 architecture=tcn seed=44 condition=conditional_XMV_07
2026-08-21 01:44:40,581 task 55/230 architecture=tcn seed=44 condition=conditional_XMV_08
2026-08-21 01:44:43,700 task 56/230 architecture=tcn seed=44 condition=conditional_XMV_09
2026-08-21 01:44:46,411 task 57/230 architecture=tcn seed=44 condition=conditional_XMV_10
2026-08-21 01:44:50,069 task 58/230 architecture=tcn seed=44 condition=conditional_XMV_11
2026-08-21 01:44:53,618 task 59/230 architecture=tcn seed=44 condition=zero_XMV_01
2026-08-21 01:44:56,422 task 60/230 architecture=tcn seed=44 condition=zero_XMV_02
2026-08-21 01:44:59,585 task 61/230 architecture=tcn seed=44 condition=zero_XMV_03
2026-08-21 01:45:02,503 task 62/230 architecture=tcn seed=44 condition=zero_XMV_04
2026-08-21 01:45:05,292 task 63/230 architecture=tcn seed=44 condition=zero_XMV_05
2026-08-21 01:45:07,899 task 64/230 architecture=tcn seed=44 condition=zero_XMV_06
2026-08-21 01:45:10,429 task 65/230 architecture=tcn seed=44 condition=zero_XMV_07
2026-08-21 01:45:13,171 task 66/230 architecture=tcn seed=44 condition=zero_XMV_08
2026-08-21 01:45:15,734 task 67/230 architecture=tcn seed=44 condition=zero_XMV_09
2026-08-21 01:45:18,374 task 68/230 architecture=tcn seed=44 condition=zero_XMV_10
2026-08-21 01:45:20,907 task 69/230 architecture=tcn seed=44 condition=zero_XMV_11
2026-08-21 01:45:23,375 task 70/230 architecture=tcn seed=45 condition=original
2026-08-21 01:45:26,015 task 71/230 architecture=tcn seed=45 condition=conditional_XMV_01
2026-08-21 01:45:29,136 task 72/230 architecture=tcn seed=45 condition=conditional_XMV_02
2026-08-21 01:45:31,834 task 73/230 architecture=tcn seed=45 condition=conditional_XMV_03
2026-08-21 01:45:34,620 task 74/230 architecture=tcn seed=45 condition=conditional_XMV_04
2026-08-21 01:45:37,785 task 75/230 architecture=tcn seed=45 condition=conditional_XMV_05
2026-08-21 01:45:40,770 task 76/230 architecture=tcn seed=45 condition=conditional_XMV_06
2026-08-21 01:45:43,586 task 77/230 architecture=tcn seed=45 condition=conditional_XMV_07
2026-08-21 01:45:46,537 task 78/230 architecture=tcn seed=45 condition=conditional_XMV_08
2026-08-21 01:45:49,770 task 79/230 architecture=tcn seed=45 condition=conditional_XMV_09
2026-08-21 01:45:52,571 task 80/230 architecture=tcn seed=45 condition=conditional_XMV_10
2026-08-21 01:45:56,020 task 81/230 architecture=tcn seed=45 condition=conditional_XMV_11
2026-08-21 01:45:58,759 task 82/230 architecture=tcn seed=45 condition=zero_XMV_01
2026-08-21 01:46:01,420 task 83/230 architecture=tcn seed=45 condition=zero_XMV_02
2026-08-21 01:46:04,137 task 84/230 architecture=tcn seed=45 condition=zero_XMV_03
2026-08-21 01:46:06,708 task 85/230 architecture=tcn seed=45 condition=zero_XMV_04
2026-08-21 01:46:09,306 task 86/230 architecture=tcn seed=45 condition=zero_XMV_05
2026-08-21 01:46:12,088 task 87/230 architecture=tcn seed=45 condition=zero_XMV_06
2026-08-21 01:46:14,760 task 88/230 architecture=tcn seed=45 condition=zero_XMV_07
2026-08-21 01:46:17,644 task 89/230 architecture=tcn seed=45 condition=zero_XMV_08
2026-08-21 01:46:20,106 task 90/230 architecture=tcn seed=45 condition=zero_XMV_09
2026-08-21 01:46:23,274 task 91/230 architecture=tcn seed=45 condition=zero_XMV_10
2026-08-21 01:46:25,875 task 92/230 architecture=tcn seed=45 condition=zero_XMV_11
2026-08-21 01:46:28,538 task 93/230 architecture=tcn seed=46 condition=original
2026-08-21 01:46:31,177 task 94/230 architecture=tcn seed=46 condition=conditional_XMV_01
2026-08-21 01:46:34,522 task 95/230 architecture=tcn seed=46 condition=conditional_XMV_02
2026-08-21 01:46:36,010 skip completed tcn seed=42 condition=original
2026-08-21 01:46:36,010 skip completed tcn seed=42 condition=conditional_XMV_10
2026-08-21 01:46:36,010 task 4/4 architecture=tcn seed=42 condition=loo_sample_XMV_10
2026-08-21 01:46:37,839 task 96/230 architecture=tcn seed=46 condition=conditional_XMV_03
2026-08-21 01:46:40,901 task 97/230 architecture=tcn seed=46 condition=conditional_XMV_04
2026-08-21 01:46:44,139 task 98/230 architecture=tcn seed=46 condition=conditional_XMV_05
2026-08-21 01:46:46,889 skip completed tcn seed=42 condition=zero_XMV_10
2026-08-21 01:46:47,428 task 99/230 architecture=tcn seed=46 condition=conditional_XMV_06
2026-08-21 01:46:50,680 task 100/230 architecture=tcn seed=46 condition=conditional_XMV_07
2026-08-21 01:46:53,868 task 101/230 architecture=tcn seed=46 condition=conditional_XMV_08
2026-08-21 01:46:56,992 task 102/230 architecture=tcn seed=46 condition=conditional_XMV_09
2026-08-21 01:47:00,409 task 103/230 architecture=tcn seed=46 condition=conditional_XMV_10
2026-08-21 01:47:03,692 task 104/230 architecture=tcn seed=46 condition=conditional_XMV_11
2026-08-21 01:47:07,140 task 105/230 architecture=tcn seed=46 condition=zero_XMV_01
2026-08-21 01:47:09,825 task 106/230 architecture=tcn seed=46 condition=zero_XMV_02
2026-08-21 01:47:12,942 task 107/230 architecture=tcn seed=46 condition=zero_XMV_03
2026-08-21 01:47:15,925 task 108/230 architecture=tcn seed=46 condition=zero_XMV_04
2026-08-21 01:47:18,773 task 109/230 architecture=tcn seed=46 condition=zero_XMV_05
2026-08-21 01:47:21,651 task 110/230 architecture=tcn seed=46 condition=zero_XMV_06
2026-08-21 01:47:24,541 task 111/230 architecture=tcn seed=46 condition=zero_XMV_07
2026-08-21 01:47:27,338 task 112/230 architecture=tcn seed=46 condition=zero_XMV_08
2026-08-21 01:47:31,209 task 113/230 architecture=tcn seed=46 condition=zero_XMV_09
2026-08-21 01:47:33,791 task 114/230 architecture=tcn seed=46 condition=zero_XMV_10
2026-08-21 01:47:36,659 task 115/230 architecture=tcn seed=46 condition=zero_XMV_11
2026-08-21 01:47:39,494 task 116/230 architecture=transformer seed=42 condition=original
2026-08-21 01:47:43,295 task 117/230 architecture=transformer seed=42 condition=conditional_XMV_01
2026-08-21 01:47:47,425 task 118/230 architecture=transformer seed=42 condition=conditional_XMV_02
2026-08-21 01:47:51,272 task 119/230 architecture=transformer seed=42 condition=conditional_XMV_03
2026-08-21 01:47:55,103 task 120/230 architecture=transformer seed=42 condition=conditional_XMV_04
2026-08-21 01:47:58,980 task 121/230 architecture=transformer seed=42 condition=conditional_XMV_05
2026-08-21 01:48:02,894 task 122/230 architecture=transformer seed=42 condition=conditional_XMV_06
2026-08-21 01:48:06,953 task 123/230 architecture=transformer seed=42 condition=conditional_XMV_07
2026-08-21 01:48:10,854 task 124/230 architecture=transformer seed=42 condition=conditional_XMV_08
2026-08-21 01:48:14,892 task 125/230 architecture=transformer seed=42 condition=conditional_XMV_09
2026-08-21 01:48:18,761 task 126/230 architecture=transformer seed=42 condition=conditional_XMV_10
2026-08-21 01:48:22,678 task 127/230 architecture=transformer seed=42 condition=conditional_XMV_11
2026-08-21 01:48:26,605 task 128/230 architecture=transformer seed=42 condition=zero_XMV_01
2026-08-21 01:48:30,404 task 129/230 architecture=transformer seed=42 condition=zero_XMV_02
2026-08-21 01:48:34,362 task 130/230 architecture=transformer seed=42 condition=zero_XMV_03
2026-08-21 01:48:38,529 task 131/230 architecture=transformer seed=42 condition=zero_XMV_04
2026-08-21 01:48:43,129 task 132/230 architecture=transformer seed=42 condition=zero_XMV_05
2026-08-21 01:48:47,504 task 133/230 architecture=transformer seed=42 condition=zero_XMV_06
2026-08-21 01:48:52,302 task 134/230 architecture=transformer seed=42 condition=zero_XMV_07
2026-08-21 01:48:56,342 task 135/230 architecture=transformer seed=42 condition=zero_XMV_08
2026-08-21 01:49:00,384 task 136/230 architecture=transformer seed=42 condition=zero_XMV_09
2026-08-21 01:49:04,684 task 137/230 architecture=transformer seed=42 condition=zero_XMV_10
2026-08-21 01:49:08,716 task 138/230 architecture=transformer seed=42 condition=zero_XMV_11
2026-08-21 01:49:12,904 task 139/230 architecture=transformer seed=43 condition=original
2026-08-21 01:49:16,963 task 140/230 architecture=transformer seed=43 condition=conditional_XMV_01
2026-08-21 01:49:21,381 task 141/230 architecture=transformer seed=43 condition=conditional_XMV_02
2026-08-21 01:49:25,730 task 142/230 architecture=transformer seed=43 condition=conditional_XMV_03
2026-08-21 01:49:30,275 task 143/230 architecture=transformer seed=43 condition=conditional_XMV_04
2026-08-21 01:49:35,479 task 144/230 architecture=transformer seed=43 condition=conditional_XMV_05
2026-08-21 01:49:39,850 task 145/230 architecture=transformer seed=43 condition=conditional_XMV_06
2026-08-21 01:49:44,259 task 146/230 architecture=transformer seed=43 condition=conditional_XMV_07
2026-08-21 01:49:48,279 task 147/230 architecture=transformer seed=43 condition=conditional_XMV_08
2026-08-21 01:49:53,165 task 148/230 architecture=transformer seed=43 condition=conditional_XMV_09
2026-08-21 01:49:57,743 task 149/230 architecture=transformer seed=43 condition=conditional_XMV_10
2026-08-21 01:50:02,876 task 150/230 architecture=transformer seed=43 condition=conditional_XMV_11
2026-08-21 01:50:07,349 task 151/230 architecture=transformer seed=43 condition=zero_XMV_01
2026-08-21 01:50:11,516 task 152/230 architecture=transformer seed=43 condition=zero_XMV_02
2026-08-21 01:50:15,666 task 153/230 architecture=transformer seed=43 condition=zero_XMV_03
2026-08-21 01:50:19,726 task 154/230 architecture=transformer seed=43 condition=zero_XMV_04
2026-08-21 01:50:23,839 task 155/230 architecture=transformer seed=43 condition=zero_XMV_05
2026-08-21 01:50:27,954 task 156/230 architecture=transformer seed=43 condition=zero_XMV_06
2026-08-21 01:50:32,056 task 157/230 architecture=transformer seed=43 condition=zero_XMV_07
2026-08-21 01:50:36,135 task 158/230 architecture=transformer seed=43 condition=zero_XMV_08
2026-08-21 01:50:40,378 task 159/230 architecture=transformer seed=43 condition=zero_XMV_09
2026-08-21 01:50:44,784 task 160/230 architecture=transformer seed=43 condition=zero_XMV_10
2026-08-21 01:50:49,302 task 161/230 architecture=transformer seed=43 condition=zero_XMV_11
2026-08-21 01:50:53,663 task 162/230 architecture=transformer seed=44 condition=original
2026-08-21 01:50:57,961 task 163/230 architecture=transformer seed=44 condition=conditional_XMV_01
2026-08-21 01:51:02,514 task 164/230 architecture=transformer seed=44 condition=conditional_XMV_02
2026-08-21 01:51:07,052 task 165/230 architecture=transformer seed=44 condition=conditional_XMV_03
2026-08-21 01:51:12,004 task 166/230 architecture=transformer seed=44 condition=conditional_XMV_04
2026-08-21 01:51:16,736 task 167/230 architecture=transformer seed=44 condition=conditional_XMV_05
2026-08-21 01:51:21,569 task 168/230 architecture=transformer seed=44 condition=conditional_XMV_06
2026-08-21 01:51:26,109 task 169/230 architecture=transformer seed=44 condition=conditional_XMV_07
2026-08-21 01:51:30,837 task 170/230 architecture=transformer seed=44 condition=conditional_XMV_08
2026-08-21 01:51:35,648 task 171/230 architecture=transformer seed=44 condition=conditional_XMV_09
2026-08-21 01:51:40,469 task 172/230 architecture=transformer seed=44 condition=conditional_XMV_10
2026-08-21 01:51:44,972 task 173/230 architecture=transformer seed=44 condition=conditional_XMV_11
2026-08-21 01:51:49,470 task 174/230 architecture=transformer seed=44 condition=zero_XMV_01
2026-08-21 01:51:53,705 task 175/230 architecture=transformer seed=44 condition=zero_XMV_02
2026-08-21 01:51:57,820 task 176/230 architecture=transformer seed=44 condition=zero_XMV_03
2026-08-21 01:52:02,039 task 177/230 architecture=transformer seed=44 condition=zero_XMV_04
2026-08-21 01:52:06,333 task 178/230 architecture=transformer seed=44 condition=zero_XMV_05
2026-08-21 01:52:10,382 task 179/230 architecture=transformer seed=44 condition=zero_XMV_06
2026-08-21 01:52:14,800 task 180/230 architecture=transformer seed=44 condition=zero_XMV_07
2026-08-21 01:52:19,693 task 181/230 architecture=transformer seed=44 condition=zero_XMV_08
2026-08-21 01:52:24,456 task 182/230 architecture=transformer seed=44 condition=zero_XMV_09
2026-08-21 01:52:29,507 task 183/230 architecture=transformer seed=44 condition=zero_XMV_10
2026-08-21 01:52:34,170 task 184/230 architecture=transformer seed=44 condition=zero_XMV_11
2026-08-21 01:52:38,543 task 185/230 architecture=transformer seed=45 condition=original
2026-08-21 01:52:42,832 task 186/230 architecture=transformer seed=45 condition=conditional_XMV_01
2026-08-21 01:52:47,724 task 187/230 architecture=transformer seed=45 condition=conditional_XMV_02
2026-08-21 01:52:52,523 task 188/230 architecture=transformer seed=45 condition=conditional_XMV_03
2026-08-21 01:52:57,241 task 189/230 architecture=transformer seed=45 condition=conditional_XMV_04
2026-08-21 01:53:02,143 task 190/230 architecture=transformer seed=45 condition=conditional_XMV_05
2026-08-21 01:53:06,942 task 191/230 architecture=transformer seed=45 condition=conditional_XMV_06
2026-08-21 01:53:11,548 task 192/230 architecture=transformer seed=45 condition=conditional_XMV_07
2026-08-21 01:53:16,270 task 193/230 architecture=transformer seed=45 condition=conditional_XMV_08
2026-08-21 01:53:20,779 task 194/230 architecture=transformer seed=45 condition=conditional_XMV_09
2026-08-21 01:53:25,376 task 195/230 architecture=transformer seed=45 condition=conditional_XMV_10
2026-08-21 01:53:30,624 task 196/230 architecture=transformer seed=45 condition=conditional_XMV_11
2026-08-21 01:53:36,245 task 197/230 architecture=transformer seed=45 condition=zero_XMV_01
2026-08-21 01:53:40,818 task 198/230 architecture=transformer seed=45 condition=zero_XMV_02
2026-08-21 01:53:45,729 task 199/230 architecture=transformer seed=45 condition=zero_XMV_03
2026-08-21 01:53:50,517 task 200/230 architecture=transformer seed=45 condition=zero_XMV_04
2026-08-21 01:53:55,282 task 201/230 architecture=transformer seed=45 condition=zero_XMV_05
2026-08-21 01:54:00,010 task 202/230 architecture=transformer seed=45 condition=zero_XMV_06
2026-08-21 01:54:04,589 task 203/230 architecture=transformer seed=45 condition=zero_XMV_07
2026-08-21 01:54:09,172 task 204/230 architecture=transformer seed=45 condition=zero_XMV_08
2026-08-21 01:54:13,697 task 205/230 architecture=transformer seed=45 condition=zero_XMV_09
2026-08-21 01:54:18,315 task 206/230 architecture=transformer seed=45 condition=zero_XMV_10
2026-08-21 01:54:22,886 task 207/230 architecture=transformer seed=45 condition=zero_XMV_11
2026-08-21 01:54:27,412 task 208/230 architecture=transformer seed=46 condition=original
2026-08-21 01:54:31,845 task 209/230 architecture=transformer seed=46 condition=conditional_XMV_01
2026-08-21 01:54:36,169 task 210/230 architecture=transformer seed=46 condition=conditional_XMV_02
2026-08-21 01:54:41,147 task 211/230 architecture=transformer seed=46 condition=conditional_XMV_03
2026-08-21 01:54:46,137 task 212/230 architecture=transformer seed=46 condition=conditional_XMV_04
2026-08-21 01:54:51,605 task 213/230 architecture=transformer seed=46 condition=conditional_XMV_05
2026-08-21 01:54:56,469 task 214/230 architecture=transformer seed=46 condition=conditional_XMV_06
2026-08-21 01:55:01,365 task 215/230 architecture=transformer seed=46 condition=conditional_XMV_07
2026-08-21 01:55:06,275 task 216/230 architecture=transformer seed=46 condition=conditional_XMV_08
2026-08-21 01:55:11,299 task 217/230 architecture=transformer seed=46 condition=conditional_XMV_09
2026-08-21 01:55:16,181 task 218/230 architecture=transformer seed=46 condition=conditional_XMV_10
2026-08-21 01:55:21,035 task 219/230 architecture=transformer seed=46 condition=conditional_XMV_11
2026-08-21 01:55:26,133 task 220/230 architecture=transformer seed=46 condition=zero_XMV_01
2026-08-21 01:55:30,896 task 221/230 architecture=transformer seed=46 condition=zero_XMV_02
2026-08-21 01:55:35,405 task 222/230 architecture=transformer seed=46 condition=zero_XMV_03
2026-08-21 01:55:40,016 task 223/230 architecture=transformer seed=46 condition=zero_XMV_04
2026-08-21 01:55:45,153 task 224/230 architecture=transformer seed=46 condition=zero_XMV_05
2026-08-21 01:55:50,214 task 225/230 architecture=transformer seed=46 condition=zero_XMV_06
2026-08-21 01:55:55,022 task 226/230 architecture=transformer seed=46 condition=zero_XMV_07
2026-08-21 01:55:59,629 task 227/230 architecture=transformer seed=46 condition=zero_XMV_08
2026-08-21 01:56:04,352 task 228/230 architecture=transformer seed=46 condition=zero_XMV_09
2026-08-21 01:56:08,937 task 229/230 architecture=transformer seed=46 condition=zero_XMV_10
2026-08-21 01:56:13,518 task 230/230 architecture=transformer seed=46 condition=zero_XMV_11
2026-08-21 01:57:11,454 skip completed tcn seed=42 condition=original
2026-08-21 01:57:11,454 skip completed tcn seed=42 condition=conditional_XMV_01
2026-08-21 01:57:11,454 skip completed tcn seed=42 condition=conditional_XMV_02
2026-08-21 01:57:11,454 skip completed tcn seed=42 condition=conditional_XMV_03
2026-08-21 01:57:11,454 skip completed tcn seed=42 condition=conditional_XMV_04
2026-08-21 01:57:11,454 skip completed tcn seed=42 condition=conditional_XMV_05
2026-08-21 01:57:11,454 skip completed tcn seed=42 condition=conditional_XMV_06
2026-08-21 01:57:11,454 skip completed tcn seed=42 condition=conditional_XMV_07
2026-08-21 01:57:11,454 skip completed tcn seed=42 condition=conditional_XMV_08
2026-08-21 01:57:11,454 skip completed tcn seed=42 condition=conditional_XMV_09
2026-08-21 01:57:11,454 skip completed tcn seed=42 condition=conditional_XMV_10
2026-08-21 01:57:11,454 skip completed tcn seed=42 condition=conditional_XMV_11
2026-08-21 01:57:11,454 task 231/340 architecture=tcn seed=42 condition=loo_sample_XMV_01
2026-08-21 01:57:23,437 task 232/340 architecture=tcn seed=42 condition=loo_sample_XMV_02
2026-08-21 01:57:35,111 task 233/340 architecture=tcn seed=42 condition=loo_sample_XMV_03
2026-08-21 01:57:45,452 task 234/340 architecture=tcn seed=42 condition=loo_sample_XMV_04
2026-08-21 01:57:56,930 task 235/340 architecture=tcn seed=42 condition=loo_sample_XMV_05
2026-08-21 01:58:07,881 task 236/340 architecture=tcn seed=42 condition=loo_sample_XMV_06
2026-08-21 01:58:18,272 skip completed tcn seed=42 condition=original
2026-08-21 01:58:18,273 skip completed tcn seed=42 condition=conditional_XMV_01
2026-08-21 01:58:18,273 skip completed tcn seed=42 condition=conditional_XMV_02
2026-08-21 01:58:18,273 skip completed tcn seed=42 condition=conditional_XMV_03
2026-08-21 01:58:18,273 skip completed tcn seed=42 condition=conditional_XMV_04
2026-08-21 01:58:18,273 skip completed tcn seed=42 condition=conditional_XMV_05
2026-08-21 01:58:18,273 skip completed tcn seed=42 condition=conditional_XMV_06
2026-08-21 01:58:18,273 skip completed tcn seed=42 condition=conditional_XMV_07
2026-08-21 01:58:18,273 skip completed tcn seed=42 condition=conditional_XMV_08
2026-08-21 01:58:18,273 skip completed tcn seed=42 condition=conditional_XMV_09
2026-08-21 01:58:18,273 skip completed tcn seed=42 condition=conditional_XMV_10
2026-08-21 01:58:18,273 skip completed tcn seed=42 condition=conditional_XMV_11
2026-08-21 01:58:18,273 skip completed tcn seed=42 condition=loo_sample_XMV_01
2026-08-21 01:58:18,274 skip completed tcn seed=42 condition=loo_sample_XMV_02
2026-08-21 01:58:18,274 skip completed tcn seed=42 condition=loo_sample_XMV_03
2026-08-21 01:58:18,274 skip completed tcn seed=42 condition=loo_sample_XMV_04
2026-08-21 01:58:18,274 skip completed tcn seed=42 condition=loo_sample_XMV_05
2026-08-21 01:58:18,274 task 236/340 architecture=tcn seed=42 condition=loo_sample_XMV_06
2026-08-21 01:58:19,600 task 237/340 architecture=tcn seed=42 condition=loo_sample_XMV_07
2026-08-21 01:58:28,974 task 237/340 architecture=tcn seed=42 condition=loo_sample_XMV_07
2026-08-21 01:58:30,357 task 238/340 architecture=tcn seed=42 condition=loo_sample_XMV_08
2026-08-21 01:58:39,546 task 238/340 architecture=tcn seed=42 condition=loo_sample_XMV_08
2026-08-21 01:58:41,060 task 239/340 architecture=tcn seed=42 condition=loo_sample_XMV_09
2026-08-21 01:58:51,125 task 239/340 architecture=tcn seed=42 condition=loo_sample_XMV_09
2026-08-21 01:58:52,550 task 240/340 architecture=tcn seed=42 condition=loo_sample_XMV_10
2026-08-21 01:59:03,887 task 241/340 architecture=tcn seed=42 condition=loo_sample_XMV_11
2026-08-21 01:59:15,950 skip completed tcn seed=42 condition=zero_XMV_01
2026-08-21 01:59:15,950 skip completed tcn seed=42 condition=zero_XMV_02
2026-08-21 01:59:15,950 skip completed tcn seed=42 condition=zero_XMV_03
2026-08-21 01:59:15,950 skip completed tcn seed=42 condition=zero_XMV_04
2026-08-21 01:59:15,950 skip completed tcn seed=42 condition=zero_XMV_05
2026-08-21 01:59:15,951 skip completed tcn seed=42 condition=zero_XMV_06
2026-08-21 01:59:15,951 skip completed tcn seed=42 condition=zero_XMV_07
2026-08-21 01:59:15,951 skip completed tcn seed=42 condition=zero_XMV_08
2026-08-21 01:59:15,951 skip completed tcn seed=42 condition=zero_XMV_09
2026-08-21 01:59:15,951 skip completed tcn seed=42 condition=zero_XMV_10
2026-08-21 01:59:15,952 skip completed tcn seed=42 condition=zero_XMV_11
2026-08-21 01:59:15,956 skip completed tcn seed=43 condition=original
2026-08-21 01:59:15,956 skip completed tcn seed=43 condition=conditional_XMV_01
2026-08-21 01:59:15,956 skip completed tcn seed=43 condition=conditional_XMV_02
2026-08-21 01:59:15,956 skip completed tcn seed=43 condition=conditional_XMV_03
2026-08-21 01:59:15,956 skip completed tcn seed=43 condition=conditional_XMV_04
2026-08-21 01:59:15,956 skip completed tcn seed=43 condition=conditional_XMV_05
2026-08-21 01:59:15,956 skip completed tcn seed=43 condition=conditional_XMV_06
2026-08-21 01:59:15,956 skip completed tcn seed=43 condition=conditional_XMV_07
2026-08-21 01:59:15,957 skip completed tcn seed=43 condition=conditional_XMV_08
2026-08-21 01:59:15,957 skip completed tcn seed=43 condition=conditional_XMV_09
2026-08-21 01:59:15,957 skip completed tcn seed=43 condition=conditional_XMV_10
2026-08-21 01:59:15,957 skip completed tcn seed=43 condition=conditional_XMV_11
2026-08-21 01:59:15,957 task 242/340 architecture=tcn seed=43 condition=loo_sample_XMV_01
2026-08-21 01:59:26,965 task 243/340 architecture=tcn seed=43 condition=loo_sample_XMV_02
2026-08-21 01:59:37,588 task 244/340 architecture=tcn seed=43 condition=loo_sample_XMV_03
2026-08-21 01:59:48,593 task 245/340 architecture=tcn seed=43 condition=loo_sample_XMV_04
2026-08-21 01:59:59,386 task 246/340 architecture=tcn seed=43 condition=loo_sample_XMV_05
2026-08-21 02:00:10,154 task 247/340 architecture=tcn seed=43 condition=loo_sample_XMV_06
2026-08-21 02:00:21,353 task 248/340 architecture=tcn seed=43 condition=loo_sample_XMV_07
2026-08-21 02:00:33,027 task 249/340 architecture=tcn seed=43 condition=loo_sample_XMV_08
2026-08-21 02:00:45,100 task 250/340 architecture=tcn seed=43 condition=loo_sample_XMV_09
2026-08-21 02:00:57,032 task 251/340 architecture=tcn seed=43 condition=loo_sample_XMV_10
2026-08-21 02:01:07,923 task 252/340 architecture=tcn seed=43 condition=loo_sample_XMV_11
2026-08-21 02:01:17,963 skip completed tcn seed=43 condition=zero_XMV_01
2026-08-21 02:01:17,963 skip completed tcn seed=43 condition=zero_XMV_02
2026-08-21 02:01:17,963 skip completed tcn seed=43 condition=zero_XMV_03
2026-08-21 02:01:17,963 skip completed tcn seed=43 condition=zero_XMV_04
2026-08-21 02:01:17,963 skip completed tcn seed=43 condition=zero_XMV_05
2026-08-21 02:01:17,963 skip completed tcn seed=43 condition=zero_XMV_06
2026-08-21 02:01:17,963 skip completed tcn seed=43 condition=zero_XMV_07
2026-08-21 02:01:17,963 skip completed tcn seed=43 condition=zero_XMV_08
2026-08-21 02:01:17,963 skip completed tcn seed=43 condition=zero_XMV_09
2026-08-21 02:01:17,965 skip completed tcn seed=43 condition=zero_XMV_10
2026-08-21 02:01:17,965 skip completed tcn seed=43 condition=zero_XMV_11
2026-08-21 02:01:17,976 skip completed tcn seed=44 condition=original
2026-08-21 02:01:17,976 skip completed tcn seed=44 condition=conditional_XMV_01
2026-08-21 02:01:17,976 skip completed tcn seed=44 condition=conditional_XMV_02
2026-08-21 02:01:17,976 skip completed tcn seed=44 condition=conditional_XMV_03
2026-08-21 02:01:17,976 skip completed tcn seed=44 condition=conditional_XMV_04
2026-08-21 02:01:17,976 skip completed tcn seed=44 condition=conditional_XMV_05
2026-08-21 02:01:17,976 skip completed tcn seed=44 condition=conditional_XMV_06
2026-08-21 02:01:17,976 skip completed tcn seed=44 condition=conditional_XMV_07
2026-08-21 02:01:17,976 skip completed tcn seed=44 condition=conditional_XMV_08
2026-08-21 02:01:17,977 skip completed tcn seed=44 condition=conditional_XMV_09
2026-08-21 02:01:17,977 skip completed tcn seed=44 condition=conditional_XMV_10
2026-08-21 02:01:17,977 skip completed tcn seed=44 condition=conditional_XMV_11
2026-08-21 02:01:17,977 task 253/340 architecture=tcn seed=44 condition=loo_sample_XMV_01
2026-08-21 02:01:29,661 task 254/340 architecture=tcn seed=44 condition=loo_sample_XMV_02
2026-08-21 02:01:41,046 task 255/340 architecture=tcn seed=44 condition=loo_sample_XMV_03
2026-08-21 02:01:51,597 task 256/340 architecture=tcn seed=44 condition=loo_sample_XMV_04
2026-08-21 02:02:03,079 task 257/340 architecture=tcn seed=44 condition=loo_sample_XMV_05
2026-08-21 02:02:13,400 task 258/340 architecture=tcn seed=44 condition=loo_sample_XMV_06
2026-08-21 02:02:24,954 task 259/340 architecture=tcn seed=44 condition=loo_sample_XMV_07
2026-08-21 02:02:36,458 task 260/340 architecture=tcn seed=44 condition=loo_sample_XMV_08
2026-08-21 02:02:46,931 task 261/340 architecture=tcn seed=44 condition=loo_sample_XMV_09
2026-08-21 02:02:57,662 task 262/340 architecture=tcn seed=44 condition=loo_sample_XMV_10
2026-08-21 02:03:09,247 task 263/340 architecture=tcn seed=44 condition=loo_sample_XMV_11
2026-08-21 02:03:20,777 skip completed tcn seed=44 condition=zero_XMV_01
2026-08-21 02:03:20,777 skip completed tcn seed=44 condition=zero_XMV_02
2026-08-21 02:03:20,777 skip completed tcn seed=44 condition=zero_XMV_03
2026-08-21 02:03:20,777 skip completed tcn seed=44 condition=zero_XMV_04
2026-08-21 02:03:20,777 skip completed tcn seed=44 condition=zero_XMV_05
2026-08-21 02:03:20,777 skip completed tcn seed=44 condition=zero_XMV_06
2026-08-21 02:03:20,777 skip completed tcn seed=44 condition=zero_XMV_07
2026-08-21 02:03:20,777 skip completed tcn seed=44 condition=zero_XMV_08
2026-08-21 02:03:20,778 skip completed tcn seed=44 condition=zero_XMV_09
2026-08-21 02:03:20,778 skip completed tcn seed=44 condition=zero_XMV_10
2026-08-21 02:03:20,778 skip completed tcn seed=44 condition=zero_XMV_11
2026-08-21 02:03:20,781 skip completed tcn seed=45 condition=original
2026-08-21 02:03:20,782 skip completed tcn seed=45 condition=conditional_XMV_01
2026-08-21 02:03:20,782 skip completed tcn seed=45 condition=conditional_XMV_02
2026-08-21 02:03:20,782 skip completed tcn seed=45 condition=conditional_XMV_03
2026-08-21 02:03:20,782 skip completed tcn seed=45 condition=conditional_XMV_04
2026-08-21 02:03:20,782 skip completed tcn seed=45 condition=conditional_XMV_05
2026-08-21 02:03:20,782 skip completed tcn seed=45 condition=conditional_XMV_06
2026-08-21 02:03:20,782 skip completed tcn seed=45 condition=conditional_XMV_07
2026-08-21 02:03:20,782 skip completed tcn seed=45 condition=conditional_XMV_08
2026-08-21 02:03:20,782 skip completed tcn seed=45 condition=conditional_XMV_09
2026-08-21 02:03:20,782 skip completed tcn seed=45 condition=conditional_XMV_10
2026-08-21 02:03:20,782 skip completed tcn seed=45 condition=conditional_XMV_11
2026-08-21 02:03:20,782 task 264/340 architecture=tcn seed=45 condition=loo_sample_XMV_01
2026-08-21 02:03:31,279 task 265/340 architecture=tcn seed=45 condition=loo_sample_XMV_02
2026-08-21 02:03:41,133 task 266/340 architecture=tcn seed=45 condition=loo_sample_XMV_03
2026-08-21 02:03:51,713 task 267/340 architecture=tcn seed=45 condition=loo_sample_XMV_04
2026-08-21 02:04:02,568 task 268/340 architecture=tcn seed=45 condition=loo_sample_XMV_05
2026-08-21 02:04:12,023 task 269/340 architecture=tcn seed=45 condition=loo_sample_XMV_06
2026-08-21 02:04:23,506 task 270/340 architecture=tcn seed=45 condition=loo_sample_XMV_07
2026-08-21 02:04:34,432 task 271/340 architecture=tcn seed=45 condition=loo_sample_XMV_08
2026-08-21 02:04:45,102 task 272/340 architecture=tcn seed=45 condition=loo_sample_XMV_09
2026-08-21 02:04:56,420 task 273/340 architecture=tcn seed=45 condition=loo_sample_XMV_10
2026-08-21 02:05:07,961 task 274/340 architecture=tcn seed=45 condition=loo_sample_XMV_11
2026-08-21 02:05:19,412 skip completed tcn seed=45 condition=zero_XMV_01
2026-08-21 02:05:19,412 skip completed tcn seed=45 condition=zero_XMV_02
2026-08-21 02:05:19,412 skip completed tcn seed=45 condition=zero_XMV_03
2026-08-21 02:05:19,412 skip completed tcn seed=45 condition=zero_XMV_04
2026-08-21 02:05:19,412 skip completed tcn seed=45 condition=zero_XMV_05
2026-08-21 02:05:19,412 skip completed tcn seed=45 condition=zero_XMV_06
2026-08-21 02:05:19,412 skip completed tcn seed=45 condition=zero_XMV_07
2026-08-21 02:05:19,412 skip completed tcn seed=45 condition=zero_XMV_08
2026-08-21 02:05:19,412 skip completed tcn seed=45 condition=zero_XMV_09
2026-08-21 02:05:19,413 skip completed tcn seed=45 condition=zero_XMV_10
2026-08-21 02:05:19,413 skip completed tcn seed=45 condition=zero_XMV_11
2026-08-21 02:05:19,416 skip completed tcn seed=46 condition=original
2026-08-21 02:05:19,416 skip completed tcn seed=46 condition=conditional_XMV_01
2026-08-21 02:05:19,416 skip completed tcn seed=46 condition=conditional_XMV_02
2026-08-21 02:05:19,416 skip completed tcn seed=46 condition=conditional_XMV_03
2026-08-21 02:05:19,417 skip completed tcn seed=46 condition=conditional_XMV_04
2026-08-21 02:05:19,417 skip completed tcn seed=46 condition=conditional_XMV_05
2026-08-21 02:05:19,417 skip completed tcn seed=46 condition=conditional_XMV_06
2026-08-21 02:05:19,417 skip completed tcn seed=46 condition=conditional_XMV_07
2026-08-21 02:05:19,417 skip completed tcn seed=46 condition=conditional_XMV_08
2026-08-21 02:05:19,417 skip completed tcn seed=46 condition=conditional_XMV_09
2026-08-21 02:05:19,417 skip completed tcn seed=46 condition=conditional_XMV_10
2026-08-21 02:05:19,417 skip completed tcn seed=46 condition=conditional_XMV_11
2026-08-21 02:05:19,417 task 275/340 architecture=tcn seed=46 condition=loo_sample_XMV_01
2026-08-21 02:05:29,709 task 276/340 architecture=tcn seed=46 condition=loo_sample_XMV_02
2026-08-21 02:05:41,319 task 277/340 architecture=tcn seed=46 condition=loo_sample_XMV_03
2026-08-21 02:05:50,843 task 278/340 architecture=tcn seed=46 condition=loo_sample_XMV_04
2026-08-21 02:06:01,198 task 279/340 architecture=tcn seed=46 condition=loo_sample_XMV_05
2026-08-21 02:06:11,763 task 280/340 architecture=tcn seed=46 condition=loo_sample_XMV_06
2026-08-21 02:06:22,395 task 281/340 architecture=tcn seed=46 condition=loo_sample_XMV_07
2026-08-21 02:06:33,123 task 282/340 architecture=tcn seed=46 condition=loo_sample_XMV_08
2026-08-21 02:06:43,722 task 283/340 architecture=tcn seed=46 condition=loo_sample_XMV_09
2026-08-21 02:06:54,970 task 284/340 architecture=tcn seed=46 condition=loo_sample_XMV_10
2026-08-21 02:07:06,277 task 285/340 architecture=tcn seed=46 condition=loo_sample_XMV_11
2026-08-21 02:07:17,901 skip completed tcn seed=46 condition=zero_XMV_01
2026-08-21 02:07:17,902 skip completed tcn seed=46 condition=zero_XMV_02
2026-08-21 02:07:17,902 skip completed tcn seed=46 condition=zero_XMV_03
2026-08-21 02:07:17,902 skip completed tcn seed=46 condition=zero_XMV_04
2026-08-21 02:07:17,902 skip completed tcn seed=46 condition=zero_XMV_05
2026-08-21 02:07:17,902 skip completed tcn seed=46 condition=zero_XMV_06
2026-08-21 02:07:17,902 skip completed tcn seed=46 condition=zero_XMV_07
2026-08-21 02:07:17,902 skip completed tcn seed=46 condition=zero_XMV_08
2026-08-21 02:07:17,902 skip completed tcn seed=46 condition=zero_XMV_09
2026-08-21 02:07:17,902 skip completed tcn seed=46 condition=zero_XMV_10
2026-08-21 02:07:17,902 skip completed tcn seed=46 condition=zero_XMV_11
2026-08-21 02:07:17,912 skip completed transformer seed=42 condition=original
2026-08-21 02:07:17,912 skip completed transformer seed=42 condition=conditional_XMV_01
2026-08-21 02:07:17,913 skip completed transformer seed=42 condition=conditional_XMV_02
2026-08-21 02:07:17,913 skip completed transformer seed=42 condition=conditional_XMV_03
2026-08-21 02:07:17,913 skip completed transformer seed=42 condition=conditional_XMV_04
2026-08-21 02:07:17,913 skip completed transformer seed=42 condition=conditional_XMV_05
2026-08-21 02:07:17,913 skip completed transformer seed=42 condition=conditional_XMV_06
2026-08-21 02:07:17,913 skip completed transformer seed=42 condition=conditional_XMV_07
2026-08-21 02:07:17,913 skip completed transformer seed=42 condition=conditional_XMV_08
2026-08-21 02:07:17,913 skip completed transformer seed=42 condition=conditional_XMV_09
2026-08-21 02:07:17,913 skip completed transformer seed=42 condition=conditional_XMV_10
2026-08-21 02:07:17,913 skip completed transformer seed=42 condition=conditional_XMV_11
2026-08-21 02:07:17,913 task 286/340 architecture=transformer seed=42 condition=loo_sample_XMV_01
2026-08-21 02:07:31,093 task 287/340 architecture=transformer seed=42 condition=loo_sample_XMV_02
2026-08-21 02:07:44,422 task 288/340 architecture=transformer seed=42 condition=loo_sample_XMV_03
2026-08-21 02:07:58,377 task 289/340 architecture=transformer seed=42 condition=loo_sample_XMV_04
2026-08-21 02:08:12,421 task 290/340 architecture=transformer seed=42 condition=loo_sample_XMV_05
2026-08-21 02:08:25,938 task 291/340 architecture=transformer seed=42 condition=loo_sample_XMV_06
2026-08-21 02:08:39,066 task 292/340 architecture=transformer seed=42 condition=loo_sample_XMV_07
2026-08-21 02:08:52,563 task 293/340 architecture=transformer seed=42 condition=loo_sample_XMV_08
2026-08-21 02:09:05,678 task 294/340 architecture=transformer seed=42 condition=loo_sample_XMV_09
2026-08-21 02:09:18,831 task 295/340 architecture=transformer seed=42 condition=loo_sample_XMV_10
2026-08-21 02:09:32,325 task 296/340 architecture=transformer seed=42 condition=loo_sample_XMV_11
2026-08-21 02:09:47,477 skip completed transformer seed=42 condition=zero_XMV_01
2026-08-21 02:09:47,478 skip completed transformer seed=42 condition=zero_XMV_02
2026-08-21 02:09:47,478 skip completed transformer seed=42 condition=zero_XMV_03
2026-08-21 02:09:47,478 skip completed transformer seed=42 condition=zero_XMV_04
2026-08-21 02:09:47,478 skip completed transformer seed=42 condition=zero_XMV_05
2026-08-21 02:09:47,478 skip completed transformer seed=42 condition=zero_XMV_06
2026-08-21 02:09:47,478 skip completed transformer seed=42 condition=zero_XMV_07
2026-08-21 02:09:47,478 skip completed transformer seed=42 condition=zero_XMV_08
2026-08-21 02:09:47,478 skip completed transformer seed=42 condition=zero_XMV_09
2026-08-21 02:09:47,478 skip completed transformer seed=42 condition=zero_XMV_10
2026-08-21 02:09:47,478 skip completed transformer seed=42 condition=zero_XMV_11
2026-08-21 02:09:47,478 skip completed transformer seed=43 condition=original
2026-08-21 02:09:47,478 skip completed transformer seed=43 condition=conditional_XMV_01
2026-08-21 02:09:47,478 skip completed transformer seed=43 condition=conditional_XMV_02
2026-08-21 02:09:47,478 skip completed transformer seed=43 condition=conditional_XMV_03
2026-08-21 02:09:47,478 skip completed transformer seed=43 condition=conditional_XMV_04
2026-08-21 02:09:47,478 skip completed transformer seed=43 condition=conditional_XMV_05
2026-08-21 02:09:47,478 skip completed transformer seed=43 condition=conditional_XMV_06
2026-08-21 02:09:47,478 skip completed transformer seed=43 condition=conditional_XMV_07
2026-08-21 02:09:47,478 skip completed transformer seed=43 condition=conditional_XMV_08
2026-08-21 02:09:47,478 skip completed transformer seed=43 condition=conditional_XMV_09
2026-08-21 02:09:47,478 skip completed transformer seed=43 condition=conditional_XMV_10
2026-08-21 02:09:47,478 skip completed transformer seed=43 condition=conditional_XMV_11
2026-08-21 02:09:47,478 task 297/340 architecture=transformer seed=43 condition=loo_sample_XMV_01
2026-08-21 02:10:02,120 task 298/340 architecture=transformer seed=43 condition=loo_sample_XMV_02
2026-08-21 02:10:15,578 task 299/340 architecture=transformer seed=43 condition=loo_sample_XMV_03
2026-08-21 02:10:28,963 task 300/340 architecture=transformer seed=43 condition=loo_sample_XMV_04
2026-08-21 02:10:42,355 task 301/340 architecture=transformer seed=43 condition=loo_sample_XMV_05
2026-08-21 02:10:56,068 task 302/340 architecture=transformer seed=43 condition=loo_sample_XMV_06
2026-08-21 02:11:09,964 task 303/340 architecture=transformer seed=43 condition=loo_sample_XMV_07
2026-08-21 02:11:23,886 task 304/340 architecture=transformer seed=43 condition=loo_sample_XMV_08
2026-08-21 02:11:37,766 task 305/340 architecture=transformer seed=43 condition=loo_sample_XMV_09
2026-08-21 02:11:51,384 task 306/340 architecture=transformer seed=43 condition=loo_sample_XMV_10
2026-08-21 02:12:04,502 task 307/340 architecture=transformer seed=43 condition=loo_sample_XMV_11
2026-08-21 02:12:17,804 skip completed transformer seed=43 condition=zero_XMV_01
2026-08-21 02:12:17,804 skip completed transformer seed=43 condition=zero_XMV_02
2026-08-21 02:12:17,804 skip completed transformer seed=43 condition=zero_XMV_03
2026-08-21 02:12:17,804 skip completed transformer seed=43 condition=zero_XMV_04
2026-08-21 02:12:17,804 skip completed transformer seed=43 condition=zero_XMV_05
2026-08-21 02:12:17,804 skip completed transformer seed=43 condition=zero_XMV_06
2026-08-21 02:12:17,804 skip completed transformer seed=43 condition=zero_XMV_07
2026-08-21 02:12:17,804 skip completed transformer seed=43 condition=zero_XMV_08
2026-08-21 02:12:17,804 skip completed transformer seed=43 condition=zero_XMV_09
2026-08-21 02:12:17,804 skip completed transformer seed=43 condition=zero_XMV_10
2026-08-21 02:12:17,804 skip completed transformer seed=43 condition=zero_XMV_11
2026-08-21 02:12:17,814 skip completed transformer seed=44 condition=original
2026-08-21 02:12:17,814 skip completed transformer seed=44 condition=conditional_XMV_01
2026-08-21 02:12:17,814 skip completed transformer seed=44 condition=conditional_XMV_02
2026-08-21 02:12:17,814 skip completed transformer seed=44 condition=conditional_XMV_03
2026-08-21 02:12:17,814 skip completed transformer seed=44 condition=conditional_XMV_04
2026-08-21 02:12:17,814 skip completed transformer seed=44 condition=conditional_XMV_05
2026-08-21 02:12:17,814 skip completed transformer seed=44 condition=conditional_XMV_06
2026-08-21 02:12:17,814 skip completed transformer seed=44 condition=conditional_XMV_07
2026-08-21 02:12:17,814 skip completed transformer seed=44 condition=conditional_XMV_08
2026-08-21 02:12:17,814 skip completed transformer seed=44 condition=conditional_XMV_09
2026-08-21 02:12:17,814 skip completed transformer seed=44 condition=conditional_XMV_10
2026-08-21 02:12:17,815 skip completed transformer seed=44 condition=conditional_XMV_11
2026-08-21 02:12:17,815 task 308/340 architecture=transformer seed=44 condition=loo_sample_XMV_01
2026-08-21 02:12:31,137 task 309/340 architecture=transformer seed=44 condition=loo_sample_XMV_02
2026-08-21 02:12:44,753 task 310/340 architecture=transformer seed=44 condition=loo_sample_XMV_03
2026-08-21 02:12:58,737 task 311/340 architecture=transformer seed=44 condition=loo_sample_XMV_04
2026-08-21 02:13:12,821 task 312/340 architecture=transformer seed=44 condition=loo_sample_XMV_05
2026-08-21 02:13:26,889 task 313/340 architecture=transformer seed=44 condition=loo_sample_XMV_06
2026-08-21 02:13:40,446 task 314/340 architecture=transformer seed=44 condition=loo_sample_XMV_07
2026-08-21 02:13:53,661 task 315/340 architecture=transformer seed=44 condition=loo_sample_XMV_08
2026-08-21 02:14:07,147 task 316/340 architecture=transformer seed=44 condition=loo_sample_XMV_09
2026-08-21 02:14:20,567 task 317/340 architecture=transformer seed=44 condition=loo_sample_XMV_10
2026-08-21 02:14:34,085 task 318/340 architecture=transformer seed=44 condition=loo_sample_XMV_11
2026-08-21 02:14:47,876 skip completed transformer seed=44 condition=zero_XMV_01
2026-08-21 02:14:47,876 skip completed transformer seed=44 condition=zero_XMV_02
2026-08-21 02:14:47,876 skip completed transformer seed=44 condition=zero_XMV_03
2026-08-21 02:14:47,876 skip completed transformer seed=44 condition=zero_XMV_04
2026-08-21 02:14:47,876 skip completed transformer seed=44 condition=zero_XMV_05
2026-08-21 02:14:47,876 skip completed transformer seed=44 condition=zero_XMV_06
2026-08-21 02:14:47,876 skip completed transformer seed=44 condition=zero_XMV_07
2026-08-21 02:14:47,876 skip completed transformer seed=44 condition=zero_XMV_08
2026-08-21 02:14:47,876 skip completed transformer seed=44 condition=zero_XMV_09
2026-08-21 02:14:47,876 skip completed transformer seed=44 condition=zero_XMV_10
2026-08-21 02:14:47,876 skip completed transformer seed=44 condition=zero_XMV_11
2026-08-21 02:14:47,893 skip completed transformer seed=45 condition=original
2026-08-21 02:14:47,893 skip completed transformer seed=45 condition=conditional_XMV_01
2026-08-21 02:14:47,893 skip completed transformer seed=45 condition=conditional_XMV_02
2026-08-21 02:14:47,893 skip completed transformer seed=45 condition=conditional_XMV_03
2026-08-21 02:14:47,893 skip completed transformer seed=45 condition=conditional_XMV_04
2026-08-21 02:14:47,893 skip completed transformer seed=45 condition=conditional_XMV_05
2026-08-21 02:14:47,893 skip completed transformer seed=45 condition=conditional_XMV_06
2026-08-21 02:14:47,893 skip completed transformer seed=45 condition=conditional_XMV_07
2026-08-21 02:14:47,893 skip completed transformer seed=45 condition=conditional_XMV_08
2026-08-21 02:14:47,893 skip completed transformer seed=45 condition=conditional_XMV_09
2026-08-21 02:14:47,893 skip completed transformer seed=45 condition=conditional_XMV_10
2026-08-21 02:14:47,893 skip completed transformer seed=45 condition=conditional_XMV_11
2026-08-21 02:14:47,893 task 319/340 architecture=transformer seed=45 condition=loo_sample_XMV_01
2026-08-21 02:15:01,806 task 320/340 architecture=transformer seed=45 condition=loo_sample_XMV_02
2026-08-21 02:15:15,913 task 321/340 architecture=transformer seed=45 condition=loo_sample_XMV_03
2026-08-21 02:15:29,796 task 322/340 architecture=transformer seed=45 condition=loo_sample_XMV_04
2026-08-21 02:15:43,146 task 323/340 architecture=transformer seed=45 condition=loo_sample_XMV_05
2026-08-21 02:15:56,688 task 324/340 architecture=transformer seed=45 condition=loo_sample_XMV_06
2026-08-21 02:16:10,140 task 325/340 architecture=transformer seed=45 condition=loo_sample_XMV_07
2026-08-21 02:16:23,634 task 326/340 architecture=transformer seed=45 condition=loo_sample_XMV_08
2026-08-21 02:16:37,549 task 327/340 architecture=transformer seed=45 condition=loo_sample_XMV_09
2026-08-21 02:16:51,699 task 328/340 architecture=transformer seed=45 condition=loo_sample_XMV_10
2026-08-21 02:17:05,633 task 329/340 architecture=transformer seed=45 condition=loo_sample_XMV_11
2026-08-21 02:17:19,693 skip completed transformer seed=45 condition=zero_XMV_01
2026-08-21 02:17:19,693 skip completed transformer seed=45 condition=zero_XMV_02
2026-08-21 02:17:19,693 skip completed transformer seed=45 condition=zero_XMV_03
2026-08-21 02:17:19,693 skip completed transformer seed=45 condition=zero_XMV_04
2026-08-21 02:17:19,693 skip completed transformer seed=45 condition=zero_XMV_05
2026-08-21 02:17:19,693 skip completed transformer seed=45 condition=zero_XMV_06
2026-08-21 02:17:19,693 skip completed transformer seed=45 condition=zero_XMV_07
2026-08-21 02:17:19,693 skip completed transformer seed=45 condition=zero_XMV_08
2026-08-21 02:17:19,693 skip completed transformer seed=45 condition=zero_XMV_09
2026-08-21 02:17:19,693 skip completed transformer seed=45 condition=zero_XMV_10
2026-08-21 02:17:19,693 skip completed transformer seed=45 condition=zero_XMV_11
2026-08-21 02:17:19,706 skip completed transformer seed=46 condition=original
2026-08-21 02:17:19,706 skip completed transformer seed=46 condition=conditional_XMV_01
2026-08-21 02:17:19,706 skip completed transformer seed=46 condition=conditional_XMV_02
2026-08-21 02:17:19,706 skip completed transformer seed=46 condition=conditional_XMV_03
2026-08-21 02:17:19,706 skip completed transformer seed=46 condition=conditional_XMV_04
2026-08-21 02:17:19,706 skip completed transformer seed=46 condition=conditional_XMV_05
2026-08-21 02:17:19,706 skip completed transformer seed=46 condition=conditional_XMV_06
2026-08-21 02:17:19,706 skip completed transformer seed=46 condition=conditional_XMV_07
2026-08-21 02:17:19,706 skip completed transformer seed=46 condition=conditional_XMV_08
2026-08-21 02:17:19,706 skip completed transformer seed=46 condition=conditional_XMV_09
2026-08-21 02:17:19,706 skip completed transformer seed=46 condition=conditional_XMV_10
2026-08-21 02:17:19,706 skip completed transformer seed=46 condition=conditional_XMV_11
2026-08-21 02:17:19,706 task 330/340 architecture=transformer seed=46 condition=loo_sample_XMV_01
2026-08-21 02:17:33,192 task 331/340 architecture=transformer seed=46 condition=loo_sample_XMV_02
2026-08-21 02:17:46,660 task 332/340 architecture=transformer seed=46 condition=loo_sample_XMV_03
2026-08-21 02:18:00,122 task 333/340 architecture=transformer seed=46 condition=loo_sample_XMV_04
2026-08-21 02:18:13,321 task 334/340 architecture=transformer seed=46 condition=loo_sample_XMV_05
2026-08-21 02:18:27,205 task 335/340 architecture=transformer seed=46 condition=loo_sample_XMV_06
2026-08-21 02:18:40,956 task 336/340 architecture=transformer seed=46 condition=loo_sample_XMV_07
2026-08-21 02:18:54,850 task 337/340 architecture=transformer seed=46 condition=loo_sample_XMV_08
2026-08-21 02:19:08,591 task 338/340 architecture=transformer seed=46 condition=loo_sample_XMV_09
2026-08-21 02:19:22,078 task 339/340 architecture=transformer seed=46 condition=loo_sample_XMV_10
2026-08-21 02:19:35,392 task 340/340 architecture=transformer seed=46 condition=loo_sample_XMV_11
2026-08-21 02:19:48,808 skip completed transformer seed=46 condition=zero_XMV_01
2026-08-21 02:19:48,808 skip completed transformer seed=46 condition=zero_XMV_02
2026-08-21 02:19:48,809 skip completed transformer seed=46 condition=zero_XMV_03
2026-08-21 02:19:48,809 skip completed transformer seed=46 condition=zero_XMV_04
2026-08-21 02:19:48,809 skip completed transformer seed=46 condition=zero_XMV_05
2026-08-21 02:19:48,809 skip completed transformer seed=46 condition=zero_XMV_06
2026-08-21 02:19:48,809 skip completed transformer seed=46 condition=zero_XMV_07
2026-08-21 02:19:48,809 skip completed transformer seed=46 condition=zero_XMV_08
2026-08-21 02:19:48,809 skip completed transformer seed=46 condition=zero_XMV_09
2026-08-21 02:19:48,809 skip completed transformer seed=46 condition=zero_XMV_10
2026-08-21 02:19:48,809 skip completed transformer seed=46 condition=zero_XMV_11
