2026-08-21 02:48:28,768 seed=42 mode=original channel=0 feature=original reliable=True
2026-08-21 02:48:33,178 seed=42 mode=loo_sample channel=1 feature=P1_B2004 reliable=True
2026-08-21 02:48:50,167 seed=42 mode=loo_sample channel=2 feature=P1_B2016 reliable=True
2026-08-21 02:49:07,018 seed=42 mode=loo_sample channel=3 feature=P1_B3004 reliable=False
2026-08-21 02:49:22,818 seed=42 mode=loo_sample channel=4 feature=P1_B3005 reliable=False
2026-08-21 02:49:38,750 seed=42 mode=loo_sample channel=5 feature=P1_B4002 reliable=True
2026-08-21 02:49:55,104 seed=42 mode=loo_sample channel=6 feature=P1_B4005 reliable=False
2026-08-21 02:50:11,871 seed=42 mode=loo_sample channel=7 feature=P1_B400B reliable=False
2026-08-21 02:50:28,837 seed=42 mode=loo_sample channel=8 feature=P1_B4022 reliable=True
2026-08-21 02:50:45,756 seed=42 mode=loo_sample channel=9 feature=P1_FCV01D reliable=False
2026-08-21 02:51:02,474 seed=42 mode=loo_sample channel=10 feature=P1_FCV01Z reliable=False
2026-08-21 02:51:18,247 seed=42 mode=loo_sample channel=11 feature=P1_FCV02D reliable=False
2026-08-21 02:51:34,292 seed=42 mode=loo_sample channel=12 feature=P1_FCV02Z reliable=False
2026-08-21 02:51:50,596 seed=42 mode=loo_sample channel=13 feature=P1_FCV03D reliable=True
2026-08-21 02:52:07,332 seed=42 mode=loo_sample channel=14 feature=P1_FCV03Z reliable=True
2026-08-21 02:52:23,944 seed=42 mode=loo_sample channel=15 feature=P1_LCV01D reliable=True
2026-08-21 02:52:41,045 seed=42 mode=loo_sample channel=16 feature=P1_LCV01Z reliable=True
2026-08-21 02:52:57,911 seed=42 mode=loo_sample channel=17 feature=P1_PCV01D reliable=False
2026-08-21 02:53:14,147 seed=42 mode=loo_sample channel=18 feature=P1_PCV01Z reliable=False
2026-08-21 02:53:30,104 seed=42 mode=loo_sample channel=19 feature=P1_PCV02Z reliable=False
2026-08-21 02:53:46,632 seed=42 mode=loo_sample channel=20 feature=P2_CO_rpm reliable=True
2026-08-21 02:54:03,787 seed=42 mode=loo_sample channel=21 feature=P3_LCP01D reliable=False
2026-08-21 02:54:20,839 seed=42 mode=loo_sample channel=22 feature=P3_LCV01D reliable=False
2026-08-21 02:54:37,756 seed=42 mode=loo_sample channel=23 feature=P4_HT_LD reliable=False
2026-08-21 02:54:53,685 seed=42 mode=loo_sample channel=24 feature=P4_HT_PS reliable=False
2026-08-21 02:55:10,011 seed=42 mode=loo_sample channel=25 feature=P4_LD reliable=True
2026-08-21 02:55:26,488 seed=42 mode=loo_sample channel=26 feature=P4_ST_GOV reliable=True
2026-08-21 02:55:43,527 seed=42 mode=loo_sample channel=27 feature=P4_ST_LD reliable=True
2026-08-21 02:56:00,607 seed=42 mode=loo_sample channel=28 feature=P4_ST_PS reliable=False
2026-08-21 02:56:17,782 seed=42 mode=zero channel=1 feature=P1_B2004 reliable=True
2026-08-21 02:56:22,645 seed=42 mode=zero channel=2 feature=P1_B2016 reliable=True
2026-08-21 02:56:27,440 seed=42 mode=zero channel=3 feature=P1_B3004 reliable=False
2026-08-21 02:56:32,013 seed=42 mode=zero channel=4 feature=P1_B3005 reliable=False
2026-08-21 02:56:36,658 seed=42 mode=zero channel=5 feature=P1_B4002 reliable=True
2026-08-21 02:56:41,274 seed=42 mode=zero channel=6 feature=P1_B4005 reliable=False
2026-08-21 02:56:45,758 seed=42 mode=zero channel=7 feature=P1_B400B reliable=False
2026-08-21 02:56:50,209 seed=42 mode=zero channel=8 feature=P1_B4022 reliable=True
2026-08-21 02:56:54,609 seed=42 mode=zero channel=9 feature=P1_FCV01D reliable=False
2026-08-21 02:56:59,332 seed=42 mode=zero channel=10 feature=P1_FCV01Z reliable=False
2026-08-21 02:57:03,978 seed=42 mode=zero channel=11 feature=P1_FCV02D reliable=False
2026-08-21 02:57:08,627 seed=42 mode=zero channel=12 feature=P1_FCV02Z reliable=False
2026-08-21 02:57:13,168 seed=42 mode=zero channel=13 feature=P1_FCV03D reliable=True
2026-08-21 02:57:17,827 seed=42 mode=zero channel=14 feature=P1_FCV03Z reliable=True
2026-08-21 02:57:22,407 seed=42 mode=zero channel=15 feature=P1_LCV01D reliable=True
2026-08-21 02:57:27,139 seed=42 mode=zero channel=16 feature=P1_LCV01Z reliable=True
2026-08-21 02:57:32,028 seed=42 mode=zero channel=17 feature=P1_PCV01D reliable=False
2026-08-21 02:57:36,878 seed=42 mode=zero channel=18 feature=P1_PCV01Z reliable=False
2026-08-21 02:57:41,761 seed=42 mode=zero channel=19 feature=P1_PCV02Z reliable=False
2026-08-21 02:57:46,553 seed=42 mode=zero channel=20 feature=P2_CO_rpm reliable=True
2026-08-21 02:57:51,495 seed=42 mode=zero channel=21 feature=P3_LCP01D reliable=False
2026-08-21 02:57:56,468 seed=42 mode=zero channel=22 feature=P3_LCV01D reliable=False
2026-08-21 02:58:01,428 seed=42 mode=zero channel=23 feature=P4_HT_LD reliable=False
2026-08-21 02:58:06,271 seed=42 mode=zero channel=24 feature=P4_HT_PS reliable=False
2026-08-21 02:58:11,097 seed=42 mode=zero channel=25 feature=P4_LD reliable=True
2026-08-21 02:58:15,929 seed=42 mode=zero channel=26 feature=P4_ST_GOV reliable=True
2026-08-21 02:58:20,662 seed=42 mode=zero channel=27 feature=P4_ST_LD reliable=True
2026-08-21 02:58:25,213 seed=42 mode=zero channel=28 feature=P4_ST_PS reliable=False
2026-08-21 02:58:30,081 seed=43 mode=original channel=0 feature=original reliable=True
2026-08-21 02:58:34,413 seed=43 mode=loo_sample channel=1 feature=P1_B2004 reliable=True
2026-08-21 02:58:50,383 seed=43 mode=loo_sample channel=2 feature=P1_B2016 reliable=True
2026-08-21 02:59:06,884 seed=43 mode=loo_sample channel=3 feature=P1_B3004 reliable=False
2026-08-21 02:59:23,748 seed=43 mode=loo_sample channel=4 feature=P1_B3005 reliable=False
2026-08-21 02:59:40,818 seed=43 mode=loo_sample channel=5 feature=P1_B4002 reliable=True
2026-08-21 02:59:57,712 seed=43 mode=loo_sample channel=6 feature=P1_B4005 reliable=False
2026-08-21 03:00:14,606 seed=43 mode=loo_sample channel=7 feature=P1_B400B reliable=False
2026-08-21 03:00:30,504 seed=43 mode=loo_sample channel=8 feature=P1_B4022 reliable=True
2026-08-21 03:00:46,655 seed=43 mode=loo_sample channel=9 feature=P1_FCV01D reliable=False
2026-08-21 03:01:02,889 seed=43 mode=loo_sample channel=10 feature=P1_FCV01Z reliable=False
2026-08-21 03:01:19,908 seed=43 mode=loo_sample channel=11 feature=P1_FCV02D reliable=False
2026-08-21 03:01:36,707 seed=43 mode=loo_sample channel=12 feature=P1_FCV02Z reliable=False
2026-08-21 03:01:53,441 seed=43 mode=loo_sample channel=13 feature=P1_FCV03D reliable=True
2026-08-21 03:02:10,092 seed=43 mode=loo_sample channel=14 feature=P1_FCV03Z reliable=True
2026-08-21 03:02:25,899 seed=43 mode=loo_sample channel=15 feature=P1_LCV01D reliable=True
2026-08-21 03:02:42,094 seed=43 mode=loo_sample channel=16 feature=P1_LCV01Z reliable=True
2026-08-21 03:02:58,400 seed=43 mode=loo_sample channel=17 feature=P1_PCV01D reliable=False
2026-08-21 03:03:15,446 seed=43 mode=loo_sample channel=18 feature=P1_PCV01Z reliable=False
2026-08-21 03:03:32,513 seed=43 mode=loo_sample channel=19 feature=P1_PCV02Z reliable=False
2026-08-21 03:03:49,467 seed=43 mode=loo_sample channel=20 feature=P2_CO_rpm reliable=True
2026-08-21 03:04:05,928 seed=43 mode=loo_sample channel=21 feature=P3_LCP01D reliable=False
2026-08-21 03:04:21,666 seed=43 mode=loo_sample channel=22 feature=P3_LCV01D reliable=False
2026-08-21 03:04:38,101 seed=43 mode=loo_sample channel=23 feature=P4_HT_LD reliable=False
2026-08-21 03:04:54,381 seed=43 mode=loo_sample channel=24 feature=P4_HT_PS reliable=False
2026-08-21 03:05:10,951 seed=43 mode=loo_sample channel=25 feature=P4_LD reliable=True
2026-08-21 03:05:27,627 seed=43 mode=loo_sample channel=26 feature=P4_ST_GOV reliable=True
2026-08-21 03:05:44,421 seed=43 mode=loo_sample channel=27 feature=P4_ST_LD reliable=True
2026-08-21 03:06:00,487 seed=43 mode=loo_sample channel=28 feature=P4_ST_PS reliable=False
2026-08-21 03:06:16,216 seed=43 mode=zero channel=1 feature=P1_B2004 reliable=True
2026-08-21 03:06:20,757 seed=43 mode=zero channel=2 feature=P1_B2016 reliable=True
2026-08-21 03:06:25,278 seed=43 mode=zero channel=3 feature=P1_B3004 reliable=False
2026-08-21 03:06:29,939 seed=43 mode=zero channel=4 feature=P1_B3005 reliable=False
2026-08-21 03:06:34,456 seed=43 mode=zero channel=5 feature=P1_B4002 reliable=True
2026-08-21 03:06:39,277 seed=43 mode=zero channel=6 feature=P1_B4005 reliable=False
2026-08-21 03:06:44,107 seed=43 mode=zero channel=7 feature=P1_B400B reliable=False
2026-08-21 03:06:48,993 seed=43 mode=zero channel=8 feature=P1_B4022 reliable=True
2026-08-21 03:06:53,823 seed=43 mode=zero channel=9 feature=P1_FCV01D reliable=False
2026-08-21 03:06:58,656 seed=43 mode=zero channel=10 feature=P1_FCV01Z reliable=False
2026-08-21 03:07:03,473 seed=43 mode=zero channel=11 feature=P1_FCV02D reliable=False
2026-08-21 03:07:08,308 seed=43 mode=zero channel=12 feature=P1_FCV02Z reliable=False
2026-08-21 03:07:13,082 seed=43 mode=zero channel=13 feature=P1_FCV03D reliable=True
2026-08-21 03:07:17,892 seed=43 mode=zero channel=14 feature=P1_FCV03Z reliable=True
2026-08-21 03:07:22,724 seed=43 mode=zero channel=15 feature=P1_LCV01D reliable=True
2026-08-21 03:07:27,542 seed=43 mode=zero channel=16 feature=P1_LCV01Z reliable=True
2026-08-21 03:07:32,508 seed=43 mode=zero channel=17 feature=P1_PCV01D reliable=False
2026-08-21 03:07:37,375 seed=43 mode=zero channel=18 feature=P1_PCV01Z reliable=False
2026-08-21 03:07:41,994 seed=43 mode=zero channel=19 feature=P1_PCV02Z reliable=False
2026-08-21 03:07:46,760 seed=43 mode=zero channel=20 feature=P2_CO_rpm reliable=True
2026-08-21 03:07:51,509 seed=43 mode=zero channel=21 feature=P3_LCP01D reliable=False
2026-08-21 03:07:56,059 seed=43 mode=zero channel=22 feature=P3_LCV01D reliable=False
2026-08-21 03:08:00,761 seed=43 mode=zero channel=23 feature=P4_HT_LD reliable=False
2026-08-21 03:08:05,244 seed=43 mode=zero channel=24 feature=P4_HT_PS reliable=False
2026-08-21 03:08:09,678 seed=43 mode=zero channel=25 feature=P4_LD reliable=True
2026-08-21 03:08:14,477 seed=43 mode=zero channel=26 feature=P4_ST_GOV reliable=True
2026-08-21 03:08:18,988 seed=43 mode=zero channel=27 feature=P4_ST_LD reliable=True
2026-08-21 03:08:23,646 seed=43 mode=zero channel=28 feature=P4_ST_PS reliable=False
2026-08-21 03:08:28,462 seed=44 mode=original channel=0 feature=original reliable=True
2026-08-21 03:08:33,366 seed=44 mode=loo_sample channel=1 feature=P1_B2004 reliable=True
2026-08-21 03:08:50,248 seed=44 mode=loo_sample channel=2 feature=P1_B2016 reliable=True
2026-08-21 03:09:07,147 seed=44 mode=loo_sample channel=3 feature=P1_B3004 reliable=False
2026-08-21 03:09:24,100 seed=44 mode=loo_sample channel=4 feature=P1_B3005 reliable=False
2026-08-21 03:09:40,458 seed=44 mode=loo_sample channel=5 feature=P1_B4002 reliable=True
2026-08-21 03:09:56,432 seed=44 mode=loo_sample channel=6 feature=P1_B4005 reliable=False
2026-08-21 03:10:12,584 seed=44 mode=loo_sample channel=7 feature=P1_B400B reliable=False
2026-08-21 03:10:29,135 seed=44 mode=loo_sample channel=8 feature=P1_B4022 reliable=True
2026-08-21 03:10:46,105 seed=44 mode=loo_sample channel=9 feature=P1_FCV01D reliable=False
2026-08-21 03:11:02,866 seed=44 mode=loo_sample channel=10 feature=P1_FCV01Z reliable=False
2026-08-21 03:11:19,920 seed=44 mode=loo_sample channel=11 feature=P1_FCV02D reliable=False
2026-08-21 03:11:36,179 seed=44 mode=loo_sample channel=12 feature=P1_FCV02Z reliable=False
2026-08-21 03:11:51,773 seed=44 mode=loo_sample channel=13 feature=P1_FCV03D reliable=True
2026-08-21 03:12:07,841 seed=44 mode=loo_sample channel=14 feature=P1_FCV03Z reliable=True
2026-08-21 03:12:24,615 seed=44 mode=loo_sample channel=15 feature=P1_LCV01D reliable=True
2026-08-21 03:12:41,323 seed=44 mode=loo_sample channel=16 feature=P1_LCV01Z reliable=True
2026-08-21 03:12:58,175 seed=44 mode=loo_sample channel=17 feature=P1_PCV01D reliable=False
2026-08-21 03:13:14,943 seed=44 mode=loo_sample channel=18 feature=P1_PCV01Z reliable=False
2026-08-21 03:13:31,261 seed=44 mode=loo_sample channel=19 feature=P1_PCV02Z reliable=False
2026-08-21 03:13:47,379 seed=44 mode=loo_sample channel=20 feature=P2_CO_rpm reliable=True
2026-08-21 03:14:03,647 seed=44 mode=loo_sample channel=21 feature=P3_LCP01D reliable=False
2026-08-21 03:14:20,614 seed=44 mode=loo_sample channel=22 feature=P3_LCV01D reliable=False
2026-08-21 03:14:37,807 seed=44 mode=loo_sample channel=23 feature=P4_HT_LD reliable=False
2026-08-21 03:14:54,665 seed=44 mode=loo_sample channel=24 feature=P4_HT_PS reliable=False
2026-08-21 03:15:11,367 seed=44 mode=loo_sample channel=25 feature=P4_LD reliable=True
2026-08-21 03:15:27,318 seed=44 mode=loo_sample channel=26 feature=P4_ST_GOV reliable=True
2026-08-21 03:15:43,402 seed=44 mode=loo_sample channel=27 feature=P4_ST_LD reliable=True
2026-08-21 03:15:59,805 seed=44 mode=loo_sample channel=28 feature=P4_ST_PS reliable=False
2026-08-21 03:16:16,779 seed=44 mode=zero channel=1 feature=P1_B2004 reliable=True
2026-08-21 03:16:21,753 seed=44 mode=zero channel=2 feature=P1_B2016 reliable=True
2026-08-21 03:16:26,721 seed=44 mode=zero channel=3 feature=P1_B3004 reliable=False
2026-08-21 03:16:31,932 seed=44 mode=zero channel=4 feature=P1_B3005 reliable=False
2026-08-21 03:16:36,934 seed=44 mode=zero channel=5 feature=P1_B4002 reliable=True
2026-08-21 03:16:41,860 seed=44 mode=zero channel=6 feature=P1_B4005 reliable=False
2026-08-21 03:16:46,688 seed=44 mode=zero channel=7 feature=P1_B400B reliable=False
2026-08-21 03:16:51,610 seed=44 mode=zero channel=8 feature=P1_B4022 reliable=True
2026-08-21 03:16:56,422 seed=44 mode=zero channel=9 feature=P1_FCV01D reliable=False
2026-08-21 03:17:01,106 seed=44 mode=zero channel=10 feature=P1_FCV01Z reliable=False
2026-08-21 03:17:05,839 seed=44 mode=zero channel=11 feature=P1_FCV02D reliable=False
2026-08-21 03:17:10,639 seed=44 mode=zero channel=12 feature=P1_FCV02Z reliable=False
2026-08-21 03:17:15,182 seed=44 mode=zero channel=13 feature=P1_FCV03D reliable=True
2026-08-21 03:17:19,673 seed=44 mode=zero channel=14 feature=P1_FCV03Z reliable=True
2026-08-21 03:17:24,113 seed=44 mode=zero channel=15 feature=P1_LCV01D reliable=True
2026-08-21 03:17:29,010 seed=44 mode=zero channel=16 feature=P1_LCV01Z reliable=True
2026-08-21 03:17:33,724 seed=44 mode=zero channel=17 feature=P1_PCV01D reliable=False
2026-08-21 03:17:38,542 seed=44 mode=zero channel=18 feature=P1_PCV01Z reliable=False
2026-08-21 03:17:43,179 seed=44 mode=zero channel=19 feature=P1_PCV02Z reliable=False
2026-08-21 03:17:47,942 seed=44 mode=zero channel=20 feature=P2_CO_rpm reliable=True
2026-08-21 03:17:52,707 seed=44 mode=zero channel=21 feature=P3_LCP01D reliable=False
2026-08-21 03:17:57,537 seed=44 mode=zero channel=22 feature=P3_LCV01D reliable=False
2026-08-21 03:18:02,459 seed=44 mode=zero channel=23 feature=P4_HT_LD reliable=False
2026-08-21 03:18:07,417 seed=44 mode=zero channel=24 feature=P4_HT_PS reliable=False
2026-08-21 03:18:12,326 seed=44 mode=zero channel=25 feature=P4_LD reliable=True
2026-08-21 03:18:17,277 seed=44 mode=zero channel=26 feature=P4_ST_GOV reliable=True
2026-08-21 03:18:22,177 seed=44 mode=zero channel=27 feature=P4_ST_LD reliable=True
2026-08-21 03:18:27,114 seed=44 mode=zero channel=28 feature=P4_ST_PS reliable=False
